2026-06-17 13:13:38 [INFO] __main__: 正在连接 L2 守护进程...
2026-06-17 13:13:38 [INFO] __main__: L2 守护进程已就绪
2026-06-17 13:13:38 [INFO] __main__: 加载盯盘状态: 2 只
2026-06-17 13:13:38 [INFO] __main__: 已同步订阅 2 只历史标的
2026-06-17 13:13:38 [INFO] __main__: 盯盘循环启动
2026-06-17 13:13:38 [INFO] __main__: 进入交易时段，开始盯盘扫描
2026-06-17 13:13:38 [INFO] __main__: 盯盘心跳 #1: 2只 [沪电股份(002463.SZ)[watching], 江海股份(002484.SZ)[watching]]
2026-06-17 13:13:38 [INFO] __main__: 盯盘引擎已启动
2026-06-17 13:13:38 [INFO] __main__: ==================================================
2026-06-17 13:13:38 [INFO] __main__: 盯盘引擎已启动！
2026-06-17 13:13:38 [INFO] __main__: 状态文件: /root/maneki-agent/plays/watchdog/data/state.json
2026-06-17 13:13:38 [INFO] __main__: 扫描间隔: 30s
2026-06-17 13:13:38 [INFO] __main__: 盯盘上限: 5 只
2026-06-17 13:13:38 [INFO] __main__: ==================================================
2026-06-17 13:13:38 [INFO] __main__: 通过飞书发送指令: 盯/停/盯盘列表/清盯盘
2026-06-17 13:13:41 [INFO] __main__: 002463.SZ 日线指标更新完成(120条)
2026-06-17 13:13:41 [INFO] __main__:   002463.SZ 日线: OK
2026-06-17 13:13:41 [INFO] __main__:   002463.SZ 趋势OK但回调未触发: 未触发(RSI75.7, 下轨107.30) (last=145.20)
2026-06-17 13:13:41 [INFO] __main__: 002484.SZ 日线指标更新完成(120条)
2026-06-17 13:13:41 [INFO] __main__:   002484.SZ 日线: OK
2026-06-17 13:13:41 [INFO] __main__:   002484.SZ 趋势OK但回调未触发: 未触发(RSI78.2, 下轨52.95) (last=102.96)
2026-06-17 13:23:41 [INFO] __main__: 盯盘心跳 #21: 2只 [沪电股份(002463.SZ)[watching], 江海股份(002484.SZ)[watching]]
2026-06-17 13:23:41 [INFO] __main__:   002463.SZ 趋势OK但回调未触发: 未触发(RSI75.7, 下轨107.30) (last=146.29)
2026-06-17 13:23:41 [INFO] __main__:   002484.SZ 趋势OK但回调未触发: 未触发(RSI78.2, 下轨52.95) (last=103.83)
2026-06-17 13:33:41 [INFO] __main__: 盯盘心跳 #41: 2只 [沪电股份(002463.SZ)[watching], 江海股份(002484.SZ)[watching]]
2026-06-17 13:33:41 [INFO] __main__:   002463.SZ 趋势OK但回调未触发: 未触发(RSI75.7, 下轨107.30) (last=146.57)
2026-06-17 13:33:41 [INFO] __main__:   002484.SZ 趋势OK但回调未触发: 未触发(RSI78.2, 下轨52.95) (last=104.03)
2026-06-17 13:43:41 [INFO] __main__: 盯盘心跳 #61: 2只 [沪电股份(002463.SZ)[watching], 江海股份(002484.SZ)[watching]]
2026-06-17 13:43:41 [INFO] __main__:   002463.SZ 趋势OK但回调未触发: 未触发(RSI75.7, 下轨107.30) (last=147.50)
2026-06-17 13:43:41 [INFO] __main__:   002484.SZ 趋势OK但回调未触发: 未触发(RSI78.2, 下轨52.95) (last=104.36)
2026-06-17 13:53:41 [INFO] __main__: 盯盘心跳 #81: 2只 [沪电股份(002463.SZ)[watching], 江海股份(002484.SZ)[watching]]
2026-06-17 13:53:41 [INFO] __main__:   002463.SZ 趋势OK但回调未触发: 未触发(RSI75.7, 下轨107.30) (last=147.66)
2026-06-17 13:53:41 [INFO] __main__:   002484.SZ 趋势OK但回调未触发: 未触发(RSI78.2, 下轨52.95) (last=103.88)
2026-06-17 14:03:41 [INFO] __main__: 盯盘心跳 #101: 2只 [沪电股份(002463.SZ)[watching], 江海股份(002484.SZ)[watching]]
2026-06-17 14:03:41 [INFO] __main__:   002463.SZ 趋势OK但回调未触发: 未触发(RSI75.7, 下轨107.30) (last=146.95)
2026-06-17 14:03:41 [INFO] __main__:   002484.SZ 趋势OK但回调未触发: 未触发(RSI78.2, 下轨52.95) (last=104.25)
2026-06-17 14:13:41 [INFO] __main__: 盯盘心跳 #121: 2只 [沪电股份(002463.SZ)[watching], 江海股份(002484.SZ)[watching]]
2026-06-17 14:13:41 [INFO] __main__:   002463.SZ 趋势OK但回调未触发: 未触发(RSI75.7, 下轨107.30) (last=146.42)
2026-06-17 14:13:41 [INFO] __main__:   002484.SZ 趋势OK但回调未触发: 未触发(RSI78.2, 下轨52.95) (last=104.19)
2026-06-17 14:23:41 [INFO] __main__: 盯盘心跳 #141: 2只 [沪电股份(002463.SZ)[watching], 江海股份(002484.SZ)[watching]]
2026-06-17 14:23:41 [INFO] __main__:   002463.SZ 趋势OK但回调未触发: 未触发(RSI75.7, 下轨107.30) (last=146.12)
2026-06-17 14:23:41 [INFO] __main__:   002484.SZ 趋势OK但回调未触发: 未触发(RSI78.2, 下轨52.95) (last=104.49)
2026-06-17 14:33:42 [INFO] __main__: 盯盘心跳 #161: 2只 [沪电股份(002463.SZ)[watching], 江海股份(002484.SZ)[watching]]
2026-06-17 14:33:42 [INFO] __main__:   002463.SZ 趋势OK但回调未触发: 未触发(RSI75.7, 下轨107.30) (last=146.49)
2026-06-17 14:33:42 [INFO] __main__:   002484.SZ 趋势OK但回调未触发: 未触发(RSI78.2, 下轨52.95) (last=104.62)
2026-06-17 14:43:42 [INFO] __main__: 盯盘心跳 #181: 2只 [沪电股份(002463.SZ)[watching], 江海股份(002484.SZ)[watching]]
2026-06-17 14:43:42 [INFO] __main__:   002463.SZ 趋势OK但回调未触发: 未触发(RSI75.7, 下轨107.30) (last=146.31)
2026-06-17 14:43:42 [INFO] __main__:   002484.SZ 趋势OK但回调未触发: 未触发(RSI78.2, 下轨52.95) (last=104.94)
2026-06-17 14:53:42 [INFO] __main__: 盯盘心跳 #201: 2只 [沪电股份(002463.SZ)[watching], 江海股份(002484.SZ)[watching]]
2026-06-17 14:53:42 [INFO] __main__:   002463.SZ 趋势OK但回调未触发: 未触发(RSI75.7, 下轨107.30) (last=146.95)
2026-06-17 14:53:42 [INFO] __main__:   002484.SZ 趋势OK但回调未触发: 未触发(RSI78.2, 下轨52.95) (last=104.94)
2026-06-17 15:00:12 [INFO] __main__: 交易时段结束，暂停盯盘扫描
