[10:53:48] [daily] 启动
[10:53:48] 每日预测守护进程启动
[10:53:48] [强制模式] 忽略时间依赖，按序执行...
[10:53:48] [00:30] 加载概念缓存...
[10:53:49]   概念行情 22320 行, 成分股 382513 行 ✓
[10:53:49] [面板] 开始构建...
[11:11:53] [daily] 启动
[11:11:53] 每日预测守护进程启动
[11:11:53] [强制模式] 忽略时间节点，按序执行后退出
[11:11:53] [00:30] 加载概念缓存...
[11:11:54]   概念行情 22320 行, 成分股 382513 行 ✓
[11:11:54] [09:26] 开始早盘评分流程...
[11:11:59] [09:26+] 早盘评分完成 ✓
[11:11:59] [强制模式] 全部完成
[11:12:04] [daily] 启动
[11:12:04] 每日预测守护进程启动
[11:13:18] [daily] 启动
[11:13:18] 每日预测守护进程启动
[11:13:18] [强制模式] 忽略时间节点，按序执行后退出
[11:13:18] [00:30] 加载概念缓存...
[11:13:19]   概念行情 22320 行, 成分股 382513 行 ✓
[11:13:19] [09:26] 开始早盘评分流程...
[11:13:22] [09:26+] 早盘评分完成 ✓
[11:13:22] [强制模式] 全部完成
[11:31:55] [daily] 启动
[11:31:55] 每日预测守护进程启动
[11:31:55] [强制模式] 忽略时间节点，按序执行后退出
[11:31:55] [00:30] 加载概念缓存...
[11:31:55]   概念行情 22320 行, 成分股 382513 行 ✓
[11:31:55] [09:26] 开始早盘评分流程...
[11:31:58] [09:26+] 早盘评分完成 ✓
[11:31:58] [强制模式] 全部完成
[11:43:27] 收到信号 15，关闭中...
[11:43:35] [daily] 启动
[11:43:35] 每日预测守护进程启动
[11:43:42] 收到信号 15，关闭中...
[11:44:07] [daily] 启动
[11:44:07] 每日预测守护进程启动
[11:44:16] 收到信号 15，关闭中...
[11:44:58] [daily] 启动
[11:44:58] 每日预测守护进程启动
[11:49:23] [daily] 启动
[11:49:23] 每日预测守护进程启动
[11:49:23] [强制模式] 忽略时间节点，按序执行后退出
[11:49:23] [00:30] 加载概念缓存...
[11:49:24]   概念行情 22320 行, 成分股 382513 行 ✓
[11:49:24] [00:30+] 开始构建面板...
[11:59:23] 收到信号 15，关闭中...
[11:59:23] ⚠️ 面板构建异常，退出码 -15（耗时 600s）
[11:59:23] [09:26] 开始早盘评分流程...
[11:59:47] 收到信号 15，关闭中...
[12:02:11] [daily] 启动
[12:02:11] 每日预测守护进程启动
[12:02:11] [强制模式] 忽略时间节点，按序执行后退出
[12:02:11] [00:30] 加载概念缓存...
[12:02:11]   概念行情 22320 行, 成分股 382513 行 ✓
[12:02:11] [00:30+] 开始构建面板...
[12:15:59]   [panel] [panel] 特征构建完成: 4988/4988 只, 358s
[12:15:59]   [panel] [panel] 策略分计算完成: 4988只, 220s
[12:15:59]   [panel] ⚠ max_step: 零值率 98.2%
[12:15:59]   [panel] ⚠ was_limit: 零值率 98.2%
[12:15:59]   [panel] ⚠ id_vwap_dev: 零值率 97.0%
[12:15:59]   [panel] ⚠ id_range: 零值率 96.9%
[12:15:59]   [panel] ⚠ id_amount_ratio: 零值率 96.9%
[12:15:59]   [panel] [panel] 面板已保存: /root/maneki-agent/wiki/raw/limit-up/panel/20260730.parquet (4988只, 70列)
[12:15:59]   [panel] [QC] 报告已保存: /root/maneki-agent/wiki/raw/limit-up/panel/20260730_qc.json
[12:15:59]   [panel] [panel] 预评: 4988只→≥35分=238只已保存
[12:15:59]   面板构建完成 ✓ 20260730.parquet (1562KB, 828s)
[12:15:59] [09:26] 开始早盘评分流程...
[12:16:02] [09:26+] 早盘评分完成 ✓
[12:16:02] [强制模式] 全部完成
[12:16:12] [daily] 启动
[12:16:12] 每日预测守护进程启动
