07-25 22:07:49 INFO ===== 20260724 早盘流程启动 =====
07-25 22:07:51 INFO 竞价拉取成功: 全市场 6784 只
07-25 22:07:51 INFO 面板竞价刷新完成: 4993/4993 只 (auc_*+auc_pct+shortterm)
07-25 22:07:51 INFO 预评池 388 只
07-25 22:07:52 INFO 模型评分完成: 388 只, 0.8s, max=80.2 mean=27.1 ≥55=38只
07-25 22:07:52 INFO model_score 已写回面板
07-25 22:07:52 INFO analysis 已合并 386 只 (累计 388 只)
07-25 22:07:52 INFO 推送: ≥55 候选 38 只, 新推送 0 只
07-25 22:07:52 INFO ===== 20260724 早盘流程完成 =====
07-25 22:28:06 INFO ===== 20260724 早盘流程启动 =====
07-25 22:28:08 INFO 竞价拉取成功: 全市场 6784 只
07-25 22:28:08 INFO 面板竞价刷新完成: 4993/4993 只 (auc_*+auc_pct+shortterm)
07-25 22:28:08 INFO 面板 4993 只，开始全量评分
07-25 22:28:09 INFO 模型评分完成: 4993 只, 0.8s, max=80.2 mean=7.6 ≥55=43只
07-25 22:28:09 INFO model_score 已全量写回面板
07-25 22:28:09 INFO analysis 已合并 3043 只 (累计 3185 只)
07-25 22:28:09 INFO 推送: ≥55 候选 29 只, 新推送 0 只
07-25 22:28:09 INFO ===== 20260724 早盘流程完成 =====
07-26 10:19:20 INFO ===== 20260724 早盘流程启动 =====
07-26 10:19:21 INFO 竞价拉取成功: 全市场 6784 只
07-26 10:19:22 INFO 面板竞价刷新完成: 4993/4993 只 (auc_*+auc_pct+shortterm)
07-26 10:19:22 INFO 面板 4993 只，开始全量评分
07-26 10:19:23 INFO 模型评分完成: 4993 只, 0.8s, max=80.2 mean=7.6 ≥55=43只
07-26 10:19:23 INFO model_score 已全量写回面板
07-26 10:19:23 INFO analysis 已合并 3043 只 (累计 3185 只)
07-26 10:19:23 INFO 推送: ≥55 候选 29 只, Top3 中新推送 0 只
07-26 10:19:23 INFO ===== 20260724 早盘流程完成 =====
07-26 10:51:52 INFO 竞价拉取成功: 全市场 6784 只
07-26 10:51:53 INFO 面板竞价刷新完成: 4993/4993 只 (auc_*+auc_pct+shortterm)
07-26 10:51:53 INFO 面板 4993 只，开始全量评分
07-26 10:51:54 INFO 模型评分完成: 4993 只, 1.0s, max=80.2 mean=7.6 ≥55=43只
07-26 10:51:54 INFO model_score 已全量写回面板
07-26 10:51:54 INFO analysis 已合并 3043 只 (累计 3185 只)
07-26 10:51:54 INFO 推送: ≥55 候选 29 只, Top3 中新推送 0 只
07-26 10:51:55 INFO ===== 20260726 早盘流程启动 =====
07-26 10:51:55 INFO 20260726 非交易日，退出
07-26 11:00:06 INFO 竞价拉取成功: 全市场 6784 只
07-26 11:00:06 INFO 面板竞价刷新完成: 4993/4993 只 (auc_*+auc_pct+shortterm)
07-26 11:00:06 INFO 面板 4993 只，开始全量评分
07-26 11:00:06 INFO 模型评分完成: 4993 只, 0.0s, max=80.2 mean=7.6 ≥55=43只
07-26 11:00:06 INFO model_score 已全量写回面板
07-26 11:00:06 INFO analysis 已合并 3043 只 (累计 3185 只)
07-26 11:00:06 INFO 推送: ≥55 候选 29 只, Top3 中新推送 0 只
07-26 11:00:07 INFO ===== 20260726 早盘流程启动 =====
07-26 11:00:07 INFO 20260726 非交易日，退出
07-26 11:09:03 INFO 竞价拉取成功: 全市场 6784 只
07-26 11:09:04 INFO 面板竞价刷新完成: 4993/4993 只 (auc_*+auc_pct+shortterm)
07-26 11:09:04 INFO 面板 4993 只，开始全量评分
07-26 11:09:04 INFO 模型评分完成: 4993 只, 0.0s, max=80.2 mean=7.6 ≥55=43只
07-26 11:09:04 INFO model_score 已全量写回面板
07-26 11:09:04 INFO analysis 已合并 3043 只 (累计 3185 只)
07-26 11:09:04 INFO 推送: ≥55 候选 29 只, Top3 中新推送 0 只
07-26 11:09:04 INFO ===== 20260726 早盘流程启动 =====
07-26 11:09:04 INFO 20260726 非交易日，退出
07-26 11:25:57 INFO 竞价拉取成功: 全市场 6784 只
07-26 11:25:57 INFO 面板竞价刷新完成: 4993/4993 只 (auc_*+auc_pct+shortterm)
07-26 11:25:57 INFO 面板 4993 只，开始全量评分
07-26 11:25:57 INFO 模型评分完成: 4993 只, 0.0s, max=80.2 mean=7.6 ≥55=43只
07-26 11:25:57 INFO model_score 已全量写回面板
07-26 11:25:58 INFO analysis 已合并 3043 只 (累计 3185 只)
07-26 11:25:58 INFO 推送: ≥55 候选 29 只, Top3 中新推送 0 只
07-26 11:25:58 INFO ===== 20260726 早盘流程启动 =====
07-26 11:25:58 INFO 20260726 非交易日，退出
07-27 10:16:41 INFO ===== 20260727 早盘流程启动 =====
07-27 10:16:43 INFO 竞价拉取成功: 全市场 6784 只
07-27 10:16:44 INFO 面板竞价刷新完成: 4992/4992 只 (auc_*+auc_pct+shortterm)
07-27 10:16:44 INFO 面板 4992 只，开始全量评分
07-27 10:16:44 INFO 模型评分完成: 4992 只, 0.8s, max=83.6 mean=5.1 ≥55=20只
07-27 10:16:44 INFO model_score 已全量写回面板
07-27 10:16:44 INFO analysis 已合并 3043 只 (累计 3057 只)
07-27 10:16:46 INFO 推送: ≥55 候选 16 只, Top3 中新推送 0 只
07-27 10:16:46 INFO ===== 20260727 早盘流程完成 =====
07-27 10:19:54 INFO ===== 20260727 早盘流程启动 =====
07-27 10:19:56 INFO 竞价拉取成功: 全市场 6784 只
07-27 10:19:57 INFO 面板竞价刷新完成: 4992/4992 只 (auc_*+auc_pct+shortterm)
07-27 10:19:57 INFO 面板 4992 只，开始全量评分
07-27 10:19:58 INFO 模型评分完成: 4992 只, 0.9s, max=83.6 mean=5.1 ≥55=20只
07-27 10:19:58 INFO model_score 已全量写回面板
07-27 10:19:58 INFO analysis 已合并 3043 只 (累计 3057 只)
07-27 10:19:58 INFO 推送: ≥55 候选 16 只, Top3 中新推送 0 只
07-27 10:19:58 INFO ===== 20260727 早盘流程完成 =====
07-27 10:50:16 INFO ===== 20260727 早盘流程启动 =====
07-27 10:50:18 INFO 竞价拉取成功: 全市场 6785 只
07-27 10:50:19 INFO 面板竞价刷新完成: 4991/4992 只 (auc_*+auc_pct+shortterm)
07-27 10:50:19 INFO 面板 4992 只，开始全量评分
07-27 10:50:20 INFO 模型评分完成: 4992 只, 1.0s, max=82.5 mean=5.0 ≥55=22只
07-27 10:50:20 INFO model_score 已全量写回面板
07-27 10:50:20 INFO analysis 已合并 3043 只 (累计 3057 只)
07-27 10:50:21 INFO 推送: ≥55 候选 17 只, Top3 中新推送 0 只
07-27 10:50:21 INFO ===== 20260727 早盘流程完成 =====
07-27 10:51:18 INFO 竞价拉取成功: 全市场 6785 只
07-27 10:51:19 INFO 面板竞价刷新完成: 4991/4992 只 (auc_*+auc_pct+shortterm)
07-27 10:51:19 INFO 面板 4992 只，开始全量评分
07-27 10:51:20 INFO 模型评分完成: 4992 只, 1.0s, max=82.5 mean=5.0 ≥55=22只
07-27 10:51:20 INFO model_score 已全量写回面板
07-27 10:51:20 INFO analysis 已合并 3043 只 (累计 3057 只)
07-27 10:51:20 INFO 推送: ≥55 候选 17 只, Top3 中新推送 0 只
07-27 10:51:20 INFO ===== 20260726 早盘流程启动 =====
07-27 10:51:20 INFO 20260726 非交易日，退出
07-27 10:55:34 INFO ===== 20260727 早盘流程启动 =====
07-27 10:55:36 INFO 竞价拉取成功: 全市场 6785 只
07-27 10:55:36 INFO 面板竞价刷新完成: 4991/4992 只 (auc_*+auc_pct+shortterm)
07-27 10:55:36 INFO 面板 4992 只，开始全量评分
07-27 10:55:37 INFO 模型评分完成: 4992 只, 0.9s, max=82.5 mean=5.0 ≥55=22只
07-27 10:55:37 INFO model_score 已全量写回面板
07-27 10:55:37 INFO analysis 已合并 3043 只 (累计 3057 只)
07-27 10:55:37 INFO 推送: ≥55 候选 17 只, Top3 中新推送 0 只
07-27 10:55:37 INFO ===== 20260727 早盘流程完成 =====
07-27 10:55:56 INFO 竞价拉取成功: 全市场 6785 只
07-27 10:55:57 INFO 面板竞价刷新完成: 4991/4992 只 (auc_*+auc_pct+shortterm)
07-27 10:55:57 INFO 面板 4992 只，开始全量评分
07-27 10:55:57 INFO 模型评分完成: 4992 只, 0.8s, max=82.5 mean=5.0 ≥55=22只
07-27 10:55:57 INFO model_score 已全量写回面板
07-27 10:55:58 INFO analysis 已合并 3043 只 (累计 3057 只)
07-27 10:55:58 INFO 推送: ≥55 候选 17 只, Top3 中新推送 0 只
07-27 10:55:58 INFO ===== 20260726 早盘流程启动 =====
07-27 10:55:58 INFO 20260726 非交易日，退出
07-28 09:53:00 INFO ===== 20260728 早盘流程启动 =====
07-28 09:53:02 INFO 竞价拉取成功: 全市场 7865 只
07-28 09:53:02 INFO 面板竞价刷新完成: 4988/4988 只 (auc_*+auc_pct+shortterm)
07-28 09:53:02 INFO 面板 4988 只，开始全量评分
07-28 09:53:03 INFO 模型评分完成: 4988 只, 0.8s, max=90.5 mean=6.3 ≥55=38只
07-28 09:53:03 INFO model_score 已全量写回面板
07-28 09:53:03 INFO analysis 已合并 3042 只 (累计 3070 只)
07-28 09:53:04 INFO 推送: ≥55 候选 25 只, Top3 中新推送 0 只
07-28 09:53:04 INFO ===== 20260728 早盘流程完成 =====
07-28 09:55:45 INFO ===== 20260728 早盘流程启动 =====
07-28 09:55:47 INFO 竞价拉取成功: 全市场 7865 只
07-28 09:55:47 INFO 面板竞价刷新完成: 4988/4988 只 (auc_*+auc_pct+shortterm)
07-28 09:55:47 INFO 面板 4988 只，开始全量评分
07-28 09:55:48 INFO 模型评分完成: 4988 只, 0.9s, max=90.5 mean=6.3 ≥55=38只
07-28 09:55:48 INFO model_score 已全量写回面板
07-28 09:55:48 INFO analysis 已合并 3042 只 (累计 3070 只)
07-28 09:55:48 INFO 推送: ≥55 候选 25 只, Top3 中新推送 0 只
07-28 09:55:48 INFO ===== 20260728 早盘流程完成 =====
07-29 11:23:16 INFO ===== 20260729 早盘流程启动 =====
07-29 11:23:18 INFO 竞价拉取成功: 全市场 7867 只
07-29 11:23:19 INFO 面板竞价刷新完成: 4988/4988 只 (auc_*+auc_pct+shortterm)
07-29 11:23:19 INFO 面板 4988 只，开始全量评分
07-29 11:23:19 INFO 模型评分完成: 4988 只, 0.8s, max=83.3 mean=5.4 ≥55=13只
07-29 11:23:19 INFO model_score 已全量写回面板
07-29 11:23:20 INFO analysis 已合并 3042 只 (累计 3059 只)
07-29 11:23:22 INFO 推送: ≥55 候选 7 只, Top3 中新推送 0 只
07-29 11:23:22 INFO ===== 20260729 早盘流程完成 =====
07-29 11:55:55 INFO ===== 20260729 早盘流程启动 =====
07-29 11:55:57 INFO 竞价拉取成功: 全市场 7867 只
07-29 11:55:57 INFO 面板竞价刷新完成: 4988/4988 只 (auc_*+auc_pct+shortterm)
07-29 11:55:57 INFO 面板 4988 只，开始全量评分
07-29 11:55:58 INFO 模型评分完成: 4988 只, 0.9s, max=53.7 mean=8.0 ≥55=0只
07-29 11:55:58 INFO model_score 已全量写回面板
07-29 11:55:58 INFO analysis 已合并 3042 只 (累计 3059 只)
07-29 11:55:58 INFO 推送: ≥55 候选 0 只, Top3 中新推送 0 只
07-29 11:55:58 INFO ===== 20260729 早盘流程完成 =====
