[11:09:58] [watchdog_daemon] 启动
[11:09:58] 盯盘守护进程启动
[11:09:59] [引擎] 启动 watchdog...
[11:09:59] [引擎] PID=3195961
[11:09:59] [surge] 线程启动
[11:10:01] [引擎] 2026-07-30 11:10:01 [INFO] __main__: 加载盯盘状态: 0 只
[11:10:01] [引擎] 2026-07-30 11:10:01 [INFO] __main__: 盯盘循环启动
[11:10:01] [引擎] 2026-07-30 11:10:01 [INFO] __main__: 盯盘引擎已启动
[11:10:01] [引擎] 2026-07-30 11:10:01 [INFO] __main__: ==================================================
[11:10:01] [引擎] 2026-07-30 11:10:01 [INFO] __main__: 盯盘引擎已启动！
[11:10:01] [引擎] 2026-07-30 11:10:01 [INFO] __main__: 状态文件: /root/maneki-agent/plays/watchdog/data/state.json
[11:10:01] [引擎] 2026-07-30 11:10:01 [INFO] __main__: 扫描间隔: 60s
[11:10:01] [引擎] 2026-07-30 11:10:01 [INFO] __main__: 盯盘上限: 20 只
[11:10:01] [引擎] 2026-07-30 11:10:01 [INFO] __main__: ==================================================
[11:10:01] [引擎] 2026-07-30 11:10:01 [INFO] __main__: 通过飞书发送指令: 盯/停/盯盘列表/清盯盘
[11:10:01] [引擎] 2026-07-30 11:10:01 [INFO] __main__: 进入交易时段，开始盯盘扫描
[11:10:35] 收到信号 15，关闭中...
[11:10:39] 盯盘守护进程已停止
[11:10:49] [watchdog_daemon] 启动
[11:10:49] 盯盘守护进程启动
[11:10:50] [引擎] 启动 watchdog...
[11:10:50] [引擎] PID=3196108
[11:10:50] [surge] 线程启动
[11:10:52] [引擎] 2026-07-30 11:10:52 [INFO] __main__: 加载盯盘状态: 0 只
[11:10:52] [引擎] 2026-07-30 11:10:52 [INFO] __main__: 盯盘循环启动
[11:10:52] [引擎] 2026-07-30 11:10:52 [INFO] __main__: 盯盘引擎已启动
[11:10:52] [引擎] 2026-07-30 11:10:52 [INFO] __main__: 进入交易时段，开始盯盘扫描
[11:10:52] [引擎] 2026-07-30 11:10:52 [INFO] __main__: ==================================================
[11:10:52] [引擎] 2026-07-30 11:10:52 [INFO] __main__: 盯盘引擎已启动！
[11:10:52] [引擎] 2026-07-30 11:10:52 [INFO] __main__: 状态文件: /root/maneki-agent/plays/watchdog/data/state.json
[11:10:52] [引擎] 2026-07-30 11:10:52 [INFO] __main__: 扫描间隔: 60s
[11:10:52] [引擎] 2026-07-30 11:10:52 [INFO] __main__: 盯盘上限: 20 只
[11:10:52] [引擎] 2026-07-30 11:10:52 [INFO] __main__: ==================================================
[11:10:52] [引擎] 2026-07-30 11:10:52 [INFO] __main__: 通过飞书发送指令: 盯/停/盯盘列表/清盯盘
[11:30:52] [引擎] 2026-07-30 11:30:52 [INFO] __main__: 交易时段结束，暂停盯盘扫描
[13:00:00] [引擎] 2026-07-30 13:00:00 [INFO] __main__: 进入交易时段，开始盯盘扫描
[13:05:00] [引擎] 2026-07-30 13:05:00 [INFO] __main__: 检测到 state.json 变更，重新加载
[13:05:00] [引擎] 2026-07-30 13:05:00 [INFO] __main__: 加载盯盘状态: 10 只
[13:05:00] [引擎] 2026-07-30 13:05:00 [INFO] __main__: 新增盯盘: {'002612.SZ', '000566.SZ', '002891.SZ', '600733.SH', '002657.SZ', '603988.SH', '002534.SZ', '002199.SZ', '600661.SH', '000948.SZ'}
[13:05:00] [引擎] 2026-07-30 13:05:00 [INFO] __main__: 盯盘心跳 #1: 10只 [海南海药(000566.SZ)[watching], 南天信息(000948.SZ)[watching], 东晶电子(002199.SZ)[watching], 西子洁能(002534.SZ)[watching], 朗姿股份(002612.SZ)[watching], 中科金财(002657.SZ)[watching], 中宠股份(002891.SZ)[watching], 昂立教育(600661.SH)[watching], 北汽蓝谷(600733.SH)[watching], 中电电机(603988.SH)[watching]]
[13:05:00] [引擎] 2026-07-30 13:05:00 [INFO] __main__: 000566.SZ 日线数据更新完成(120条)
[13:05:00] [引擎] 2026-07-30 13:05:00 [INFO] __main__: 000948.SZ 日线数据更新完成(120条)
[13:05:01] [引擎] 2026-07-30 13:05:01 [INFO] __main__: 002199.SZ 日线数据更新完成(120条)
[13:05:01] [引擎] 2026-07-30 13:05:01 [INFO] __main__: 002534.SZ 日线数据更新完成(120条)
[13:05:02] [引擎] 2026-07-30 13:05:02 [INFO] __main__: 002612.SZ 日线数据更新完成(120条)
[13:05:02] [引擎] 2026-07-30 13:05:02 [INFO] __main__: 002657.SZ 日线数据更新完成(120条)
[13:05:03] [引擎] 2026-07-30 13:05:03 [INFO] __main__: 002891.SZ 日线数据更新完成(120条)
[13:05:03] [引擎] 2026-07-30 13:05:03 [INFO] __main__: 600661.SH 日线数据更新完成(120条)
[13:05:04] [引擎] 2026-07-30 13:05:04 [INFO] __main__: 600733.SH 日线数据更新完成(120条)
[13:05:04] [引擎] 2026-07-30 13:05:04 [INFO] __main__: 603988.SH 日线数据更新完成(120条)
[13:06:04] [引擎] 2026-07-30 13:06:04 [INFO] __main__: 检测到 state.json 变更，重新加载
[13:06:04] [引擎] 2026-07-30 13:06:04 [INFO] __main__: 加载盯盘状态: 12 只
[13:06:04] [引擎] 2026-07-30 13:06:04 [INFO] __main__: 新增盯盘: {'605189.SH', '603580.SH'}
[13:06:04] [引擎] 2026-07-30 13:06:04 [INFO] __main__: 000566.SZ 日线数据更新完成(120条)
[13:06:04] [引擎] 2026-07-30 13:06:04 [INFO] __main__: 000948.SZ 日线数据更新完成(120条)
[13:06:04] [引擎] 2026-07-30 13:06:04 [INFO] __main__: 002199.SZ 日线数据更新完成(120条)
[13:06:04] [引擎] 2026-07-30 13:06:04 [INFO] __main__: 002534.SZ 日线数据更新完成(120条)
[13:06:04] [引擎] 2026-07-30 13:06:04 [INFO] __main__: 002612.SZ 日线数据更新完成(120条)
[13:06:04] [引擎] 2026-07-30 13:06:04 [INFO] __main__: 002657.SZ 日线数据更新完成(120条)
[13:06:04] [引擎] 2026-07-30 13:06:04 [INFO] __main__: 002891.SZ 日线数据更新完成(120条)
[13:06:04] [引擎] 2026-07-30 13:06:04 [INFO] __main__: 600661.SH 日线数据更新完成(120条)
[13:06:04] [引擎] 2026-07-30 13:06:04 [INFO] __main__: 600733.SH 日线数据更新完成(120条)
[13:06:04] [引擎] 2026-07-30 13:06:04 [INFO] __main__: 603988.SH 日线数据更新完成(120条)
[13:06:05] [引擎] 2026-07-30 13:06:05 [INFO] __main__: 603580.SH 日线数据更新完成(120条)
[13:06:05] [引擎] 2026-07-30 13:06:05 [INFO] __main__: 605189.SH 日线数据更新完成(120条)
[13:07:05] [引擎] 2026-07-30 13:07:05 [INFO] __main__: 检测到 state.json 变更，重新加载
[13:07:05] [引擎] 2026-07-30 13:07:05 [INFO] __main__: 加载盯盘状态: 13 只
[13:07:05] [引擎] 2026-07-30 13:07:05 [INFO] __main__: 新增盯盘: {'002585.SZ'}
[13:07:05] [引擎] 2026-07-30 13:07:05 [INFO] __main__: 000566.SZ 日线数据更新完成(120条)
[13:07:05] [引擎] 2026-07-30 13:07:05 [INFO] __main__: 000948.SZ 日线数据更新完成(120条)
[13:07:05] [引擎] 2026-07-30 13:07:05 [INFO] __main__: 002199.SZ 日线数据更新完成(120条)
[13:07:05] [引擎] 2026-07-30 13:07:05 [INFO] __main__: 002534.SZ 日线数据更新完成(120条)
[13:07:05] [引擎] 2026-07-30 13:07:05 [INFO] __main__: 002612.SZ 日线数据更新完成(120条)
[13:07:05] [引擎] 2026-07-30 13:07:05 [INFO] __main__: 002657.SZ 日线数据更新完成(120条)
[13:07:05] [引擎] 2026-07-30 13:07:05 [INFO] __main__: 002891.SZ 日线数据更新完成(120条)
[13:07:05] [引擎] 2026-07-30 13:07:05 [INFO] __main__: 600661.SH 日线数据更新完成(120条)
[13:07:05] [引擎] 2026-07-30 13:07:05 [INFO] __main__: 600733.SH 日线数据更新完成(120条)
[13:07:05] [引擎] 2026-07-30 13:07:05 [INFO] __main__: 603988.SH 日线数据更新完成(120条)
[13:07:05] [引擎] 2026-07-30 13:07:05 [INFO] __main__: 603580.SH 日线数据更新完成(120条)
[13:07:05] [引擎] 2026-07-30 13:07:05 [INFO] __main__: 605189.SH 日线数据更新完成(120条)
[13:07:06] [引擎] 2026-07-30 13:07:06 [INFO] __main__: 002585.SZ 日线数据更新完成(120条)
[13:09:06] [引擎] 2026-07-30 13:09:06 [INFO] __main__: 检测到 state.json 变更，重新加载
[13:09:06] [引擎] 2026-07-30 13:09:06 [INFO] __main__: 加载盯盘状态: 14 只
[13:09:06] [引擎] 2026-07-30 13:09:06 [INFO] __main__: 新增盯盘: {'603918.SH'}
[13:09:06] [引擎] 2026-07-30 13:09:06 [INFO] __main__: 000566.SZ 日线数据更新完成(120条)
[13:09:06] [引擎] 2026-07-30 13:09:06 [INFO] __main__: 000948.SZ 日线数据更新完成(120条)
[13:09:06] [引擎] 2026-07-30 13:09:06 [INFO] __main__: 002199.SZ 日线数据更新完成(120条)
[13:09:06] [引擎] 2026-07-30 13:09:06 [INFO] __main__: 002534.SZ 日线数据更新完成(120条)
[13:09:06] [引擎] 2026-07-30 13:09:06 [INFO] __main__: 002612.SZ 日线数据更新完成(120条)
[13:09:06] [引擎] 2026-07-30 13:09:06 [INFO] __main__: 002657.SZ 日线数据更新完成(120条)
[13:09:06] [引擎] 2026-07-30 13:09:06 [INFO] __main__: 002891.SZ 日线数据更新完成(120条)
[13:09:06] [引擎] 2026-07-30 13:09:06 [INFO] __main__: 600661.SH 日线数据更新完成(120条)
[13:09:06] [引擎] 2026-07-30 13:09:06 [INFO] __main__: 600733.SH 日线数据更新完成(120条)
[13:09:06] [引擎] 2026-07-30 13:09:06 [INFO] __main__: 603988.SH 日线数据更新完成(120条)
[13:09:06] [引擎] 2026-07-30 13:09:06 [INFO] __main__: 603580.SH 日线数据更新完成(120条)
[13:09:06] [引擎] 2026-07-30 13:09:06 [INFO] __main__: 605189.SH 日线数据更新完成(120条)
[13:09:06] [引擎] 2026-07-30 13:09:06 [INFO] __main__: 002585.SZ 日线数据更新完成(120条)
[13:09:06] [引擎] 2026-07-30 13:09:06 [INFO] __main__: 603918.SH 日线数据更新完成(120条)
[13:10:06] [引擎] 2026-07-30 13:10:06 [INFO] __main__: 检测到 state.json 变更，重新加载
[13:10:06] [引擎] 2026-07-30 13:10:06 [INFO] __main__: 加载盯盘状态: 15 只
[13:10:06] [引擎] 2026-07-30 13:10:06 [INFO] __main__: 新增盯盘: {'001309.SZ'}
[13:10:06] [引擎] 2026-07-30 13:10:06 [INFO] __main__: 000566.SZ 日线数据更新完成(120条)
[13:10:06] [引擎] 2026-07-30 13:10:06 [INFO] __main__: 000948.SZ 日线数据更新完成(120条)
[13:10:06] [引擎] 2026-07-30 13:10:06 [INFO] __main__: 002199.SZ 日线数据更新完成(120条)
[13:10:06] [引擎] 2026-07-30 13:10:06 [INFO] __main__: 002534.SZ 日线数据更新完成(120条)
[13:10:06] [引擎] 2026-07-30 13:10:06 [INFO] __main__: 002612.SZ 日线数据更新完成(120条)
[13:10:07] [引擎] 2026-07-30 13:10:07 [INFO] __main__: 002657.SZ 日线数据更新完成(120条)
[13:10:07] [引擎] 2026-07-30 13:10:07 [INFO] __main__: 002891.SZ 日线数据更新完成(120条)
[13:10:07] [引擎] 2026-07-30 13:10:07 [INFO] __main__: 600661.SH 日线数据更新完成(120条)
[13:10:07] [引擎] 2026-07-30 13:10:07 [INFO] __main__: 600733.SH 日线数据更新完成(120条)
[13:10:07] [引擎] 2026-07-30 13:10:07 [INFO] __main__: 603988.SH 日线数据更新完成(120条)
[13:10:07] [引擎] 2026-07-30 13:10:07 [INFO] __main__: 603580.SH 日线数据更新完成(120条)
[13:10:07] [引擎] 2026-07-30 13:10:07 [INFO] __main__: 605189.SH 日线数据更新完成(120条)
[13:10:07] [引擎] 2026-07-30 13:10:07 [INFO] __main__: 002585.SZ 日线数据更新完成(120条)
[13:10:07] [引擎] 2026-07-30 13:10:07 [INFO] __main__: 603918.SH 日线数据更新完成(120条)
[13:10:07] [引擎] 2026-07-30 13:10:07 [INFO] __main__: 001309.SZ 日线数据更新完成(120条)
[13:11:07] [引擎] 2026-07-30 13:11:07 [INFO] __main__: 检测到 state.json 变更，重新加载
[13:11:07] [引擎] 2026-07-30 13:11:07 [INFO] __main__: 加载盯盘状态: 15 只
[13:11:07] [引擎] 2026-07-30 13:11:07 [INFO] __main__: 000566.SZ 日线数据更新完成(120条)
[13:11:07] [引擎] 2026-07-30 13:11:07 [INFO] __main__: 000948.SZ 日线数据更新完成(120条)
[13:11:07] [引擎] 2026-07-30 13:11:07 [INFO] __main__: 002199.SZ 日线数据更新完成(120条)
[13:11:07] [引擎] 2026-07-30 13:11:07 [INFO] __main__: 002534.SZ 日线数据更新完成(120条)
[13:11:07] [引擎] 2026-07-30 13:11:07 [INFO] __main__: 002612.SZ 日线数据更新完成(120条)
[13:11:07] [引擎] 2026-07-30 13:11:07 [INFO] __main__: 002657.SZ 日线数据更新完成(120条)
[13:11:07] [引擎] 2026-07-30 13:11:07 [INFO] __main__: 002891.SZ 日线数据更新完成(120条)
[13:11:07] [引擎] 2026-07-30 13:11:07 [INFO] __main__: 600661.SH 日线数据更新完成(120条)
[13:11:09] [引擎] 2026-07-30 13:11:09 [INFO] __main__: 600733.SH 日线数据更新完成(120条)
[13:11:10] [引擎] 2026-07-30 13:11:10 [INFO] __main__: 603988.SH 日线数据更新完成(120条)
[13:11:10] [引擎] 2026-07-30 13:11:10 [INFO] __main__: 603580.SH 日线数据更新完成(120条)
[13:11:11] [引擎] 2026-07-30 13:11:11 [INFO] __main__: 605189.SH 日线数据更新完成(120条)
[13:11:11] [引擎] 2026-07-30 13:11:11 [INFO] __main__: 002585.SZ 日线数据更新完成(120条)
[13:11:12] [引擎] 2026-07-30 13:11:12 [INFO] __main__: 603918.SH 日线数据更新完成(120条)
[13:11:12] [引擎] 2026-07-30 13:11:12 [INFO] __main__: 001309.SZ 日线数据更新完成(120条)
[13:12:13] [引擎] 2026-07-30 13:12:13 [INFO] __main__: 检测到 state.json 变更，重新加载
[13:12:13] [引擎] 2026-07-30 13:12:13 [INFO] __main__: 加载盯盘状态: 15 只
[13:12:13] [引擎] 2026-07-30 13:12:13 [INFO] __main__: 000566.SZ 日线数据更新完成(120条)
[13:12:13] [引擎] 2026-07-30 13:12:13 [INFO] __main__: 000948.SZ 日线数据更新完成(120条)
[13:12:14] [引擎] 2026-07-30 13:12:14 [INFO] __main__: 002199.SZ 日线数据更新完成(120条)
[13:12:14] [引擎] 2026-07-30 13:12:14 [INFO] __main__: 002534.SZ 日线数据更新完成(120条)
[13:12:15] [引擎] 2026-07-30 13:12:15 [INFO] __main__: 002612.SZ 日线数据更新完成(120条)
[13:12:15] [引擎] 2026-07-30 13:12:15 [INFO] __main__: 002657.SZ 日线数据更新完成(120条)
[13:12:16] [引擎] 2026-07-30 13:12:16 [INFO] __main__: 002891.SZ 日线数据更新完成(120条)
[13:12:16] [引擎] 2026-07-30 13:12:16 [INFO] __main__: 600661.SH 日线数据更新完成(120条)
[13:12:16] [引擎] 2026-07-30 13:12:16 [INFO] __main__: 600733.SH 日线数据更新完成(120条)
[13:12:16] [引擎] 2026-07-30 13:12:16 [INFO] __main__: 603988.SH 日线数据更新完成(120条)
[13:12:16] [引擎] 2026-07-30 13:12:16 [INFO] __main__: 603580.SH 日线数据更新完成(120条)
[13:12:17] [引擎] 2026-07-30 13:12:17 [INFO] __main__: 605189.SH 日线数据更新完成(120条)
[13:12:17] [引擎] 2026-07-30 13:12:17 [INFO] __main__: 002585.SZ 日线数据更新完成(120条)
[13:12:17] [引擎] 2026-07-30 13:12:17 [INFO] __main__: 603918.SH 日线数据更新完成(120条)
[13:12:17] [引擎] 2026-07-30 13:12:17 [INFO] __main__: 001309.SZ 日线数据更新完成(120条)
[13:13:00] [引擎] 启动 watchdog...
[13:13:00] [引擎] PID=3200788
[13:13:01] [引擎] 2026-07-30 13:13:01 [INFO] __main__: 加载盯盘状态: 15 只
[13:13:01] [引擎] 2026-07-30 13:13:01 [INFO] __main__: 盯盘循环启动
[13:13:01] [引擎] 2026-07-30 13:13:01 [INFO] __main__: 盯盘引擎已启动
[13:13:01] [引擎] 2026-07-30 13:13:01 [INFO] __main__: 进入交易时段，开始盯盘扫描
[13:13:01] [引擎] 2026-07-30 13:13:01 [INFO] __main__: ==================================================
[13:13:01] [引擎] 2026-07-30 13:13:01 [INFO] __main__: 盯盘引擎已启动！
[13:13:01] [引擎] 2026-07-30 13:13:01 [INFO] __main__: 状态文件: /root/maneki-agent/plays/watchdog/data/state.json
[13:13:01] [引擎] 2026-07-30 13:13:01 [INFO] __main__: 扫描间隔: 60s
[13:13:01] [引擎] 2026-07-30 13:13:01 [INFO] __main__: 盯盘上限: 20 只
[13:13:01] [引擎] 2026-07-30 13:13:01 [INFO] __main__: ==================================================
[13:13:01] [引擎] 2026-07-30 13:13:01 [INFO] __main__: 通过飞书发送指令: 盯/停/盯盘列表/清盯盘
[13:13:01] [引擎] 2026-07-30 13:13:01 [INFO] __main__: 新交易日 20260730，重新订阅 15 只
[13:13:01] [引擎] 2026-07-30 13:13:01 [INFO] __main__: 盯盘心跳 #1: 15只 [海南海药(000566.SZ)[watching], 南天信息(000948.SZ)[watching], 东晶电子(002199.SZ)[watching], 西子洁能(002534.SZ)[watching], 朗姿股份(002612.SZ)[watching], 中科金财(002657.SZ)[watching], 中宠股份(002891.SZ)[watching], 昂立教育(600661.SH)[watching], 北汽蓝谷(600733.SH)[watching], 中电电机(603988.SH)[watching], 艾艾精工(603580.SH)[watching], 富春染织(605189.SH)[watching], 双星新材(002585.SZ)[watching], 金桥信息(603918.SH)[watching], 德明利(001309.SZ)[watching]]
[13:13:02] [引擎] 2026-07-30 13:13:02 [INFO] __main__: 000566.SZ 日线数据更新完成(120条)
[13:13:04] [引擎] 2026-07-30 13:13:04 [INFO] __main__: 000948.SZ 日线数据更新完成(120条)
[13:13:05] [引擎] 2026-07-30 13:13:05 [INFO] __main__: 002199.SZ 日线数据更新完成(120条)
[13:13:06] [引擎] 2026-07-30 13:13:06 [INFO] __main__: 002534.SZ 日线数据更新完成(120条)
[13:13:07] 收到信号 15，关闭中...
[13:13:10] 盯盘守护进程已停止
