[ws_daemon] 启动, 初始订阅 L1=46 L2=46
[jvQuant WS] 已连接
[ws_daemon] WS 已连接, L1=46 L2=46 分批订阅完成
[ws_daemon] 已停止
[ws_daemon] 启动, 初始订阅 L1=46 L2=46
[jvQuant WS] 已连接
[ws_daemon] WS 已连接, L1=46 L2=46 分批订阅完成
[ws_daemon] 已停止
[ws_daemon] 启动, 初始订阅 L1=46 L2=46
[jvQuant WS] 已连接
[ws_daemon] WS 已连接, L1=46 L2=46 分批订阅完成
2026-08-11 12:01:51 - websocket_client - ERROR - Connection to remote host was lost.
2026-08-11 12:01:51 - websocket - ERROR - Connection to remote host was lost. - goodbye
[jvQuant WS] 连接已断开，重新连接...
[jvQuant WS] 已连接
[ws_daemon] 重连后恢复 L1 订阅 37 只
[ws_daemon] 重连后恢复 L2 订阅 37 只
[ws_daemon] L1新增订阅 10 只
[ws_daemon] L1新增订阅 9 只
[ws_daemon] L1新增订阅 1 只
[ws_daemon] L1新增订阅 1 只
[ws_daemon] L1新增订阅 1 只
[ws_daemon] L1新增订阅 1 只
[ws_daemon] L1新增订阅 34 只
[ws_daemon] L1新增订阅 1 只
[ws_daemon] L1新增订阅 34 只
[ws_daemon] L1新增订阅 1 只
[ws_daemon] L1新增订阅 33 只
[ws_daemon] L1新增订阅 1 只
[ws_daemon] 收盘(1500), 休眠 18.4h 到 08-12 09:25
2026-08-11 16:01:52 - websocket_client - ERROR - Connection to remote host was lost.
2026-08-11 16:01:52 - websocket - ERROR - Connection to remote host was lost. - goodbye
[jvQuant WS] 连接已断开，重新连接...
[jvQuant WS] 已连接
[ws_daemon] 重连后恢复 L1 订阅 22 只
[ws_daemon] 重连后恢复 L2 订阅 22 只
[ws_daemon] L1新增订阅 15 只
[ws_daemon] L1新增订阅 1 只
[ws_daemon] L1新增订阅 2 只
[ws_daemon] L1新增订阅 1 只
[ws_daemon] L1新增订阅 1 只
[ws_daemon] L1新增订阅 26 只
[ws_daemon] L1新增订阅 1 只
[ws_daemon] L1新增订阅 1 只
[ws_daemon] L1新增订阅 1 只
[ws_daemon] L1新增订阅 1 只
[ws_daemon] L1新增订阅 1 只
[ws_daemon] L1新增订阅 2 只
[ws_daemon] L1新增订阅 1 只
[ws_daemon] L1新增订阅 1 只
[ws_daemon] L1新增订阅 1 只
[ws_daemon] L1新增订阅 1 只
[ws_daemon] L1新增订阅 1 只
[ws_daemon] L1新增订阅 1 只
[ws_daemon] L1新增订阅 1 只
[ws_daemon] L1新增订阅 1 只
[ws_daemon] L1新增订阅 39 只
2026-08-12 12:01:52 - websocket_client - ERROR - Connection to remote host was lost.
2026-08-12 12:01:52 - websocket - ERROR - Connection to remote host was lost. - goodbye
[jvQuant WS] 连接已断开，重新连接...
[jvQuant WS] 已连接
[ws_daemon] 重连后恢复 L1 订阅 39 只
[ws_daemon] 重连后恢复 L2 订阅 39 只
[ws_daemon] L1新增订阅 1 只
[ws_daemon] L1新增订阅 1 只
[ws_daemon] L1新增订阅 1 只
[ws_daemon] L1新增订阅 1 只
[ws_daemon] L1新增订阅 1 只
[ws_daemon] 收盘(1500), 休眠 18.4h 到 08-13 09:25
2026-08-12 16:01:51 - websocket_client - ERROR - Connection to remote host was lost.
2026-08-12 16:01:51 - websocket - ERROR - Connection to remote host was lost. - goodbye
